// Jest Snapshot v1, https://goo.gl/fbAQLP

exports[`[4] Matches snapshot from 5.8.22 1`] = `
<main
  className="all-pokemon"
>
  <article
    className="pokemon-card"
    data-testid="pokemon-card"
  >
    <h2
      className="poke-name card-item"
    >
      Fake Pokemon Name
       
      <span
        className="dex-id"
      >
        #
      </span>
    </h2>
    <h3
      className="poke-type card-item"
    >
      D
       / 
      e
       
    </h3>
    <h4
      className="height-weight card-item"
    >
      Height: 
      4m
       
      <br />
      Weight: 
      50kg
    </h4>
    <figure
      className="img-container card-item"
    >
      <img
        alt="Fake Pokemon Name"
        className="poke-img"
        data-testid="not-shiny"
        src="https://www.serebii.net/swordshield/pokemon/undefined.png"
      />
    </figure>
    <blockquote
      className="card-item"
    >
      blah blah blah
    </blockquote>
  </article>
  <article
    className="pokemon-card"
    data-testid="pokemon-card"
  >
    <h2
      className="poke-name card-item"
    >
      Fake2
       
      <span
        className="dex-id"
      >
        #
      </span>
    </h2>
    <h3
      className="poke-type card-item"
    >
      D
       / 
      e
       
    </h3>
    <h4
      className="height-weight card-item"
    >
      Height: 
      5m
       
      <br />
      Weight: 
      60kg
    </h4>
    <figure
      className="img-container card-item"
    >
      <img
        alt="Fake2"
        className="poke-img"
        data-testid="not-shiny"
        src="https://www.serebii.net/swordshield/pokemon/undefined.png"
      />
    </figure>
    <blockquote
      className="card-item"
    >
      This pokemon does nothing
    </blockquote>
  </article>
  <article
    className="pokemon-card"
    data-testid="pokemon-card"
  >
    <h2
      className="poke-name card-item"
    >
      Fake3
       
      <span
        className="dex-id"
      >
        #
      </span>
    </h2>
    <h3
      className="poke-type card-item"
    >
      G
       / 
      r
       
    </h3>
    <h4
      className="height-weight card-item"
    >
      Height: 
      6m
       
      <br />
      Weight: 
      80kg
    </h4>
    <figure
      className="img-container card-item"
    >
      <img
        alt="Fake3"
        className="poke-img"
        data-testid="not-shiny"
        src="https://www.serebii.net/swordshield/pokemon/undefined.png"
      />
    </figure>
    <blockquote
      className="card-item"
    >
      This pokemon is god
    </blockquote>
  </article>
</main>
`;
