// Jest Snapshot v1, https://goo.gl/fbAQLP

exports[`[3] Matches snapshot from 5.8.22 1`] = `
<section
  className="dropdown"
>
  <button
    className="dropbtn"
    data-testid="dropbtn"
  >
    Display Options (check this out!)
  </button>
  <menu
    className="dropdown-content"
  >
    <div>
      <div>
        <button
          className="dropbtn-inner"
          data-testid="reset-btn"
          id="reset-btn"
          onClick={[Function]}
        >
          Reset All
        </button>
      </div>
      <h5
        className="dropdown-display-title"
        data-testid="dropdown-display-title"
      >
        Pick a type:
      </h5>
      <button
        className="dropbtn-inner"
        data-testid="dropbtn-inner"
        id="normal-btn"
        onClick={[Function]}
      >
        Normal
      </button>
      <button
        className="dropbtn-inner"
        data-testid="dropbtn-inner"
        id="fire-btn"
        onClick={[Function]}
      >
        Fire
      </button>
      <button
        className="dropbtn-inner"
        data-testid="dropbtn-inner"
        id="water-btn"
        onClick={[Function]}
      >
        Water
      </button>
      <button
        className="dropbtn-inner"
        data-testid="dropbtn-inner"
        id="electric-btn"
        onClick={[Function]}
      >
        Electric
      </button>
      <button
        className="dropbtn-inner"
        data-testid="dropbtn-inner"
        id="grass-btn"
        onClick={[Function]}
      >
        Grass
      </button>
      <button
        className="dropbtn-inner"
        data-testid="dropbtn-inner"
        id="ice-btn"
        onClick={[Function]}
      >
        Ice
      </button>
      <button
        className="dropbtn-inner"
        data-testid="dropbtn-inner"
        id="fighting-btn"
        onClick={[Function]}
      >
        Fighting
      </button>
      <button
        className="dropbtn-inner"
        data-testid="dropbtn-inner"
        id="poison-btn"
        onClick={[Function]}
      >
        Poison
      </button>
      <button
        className="dropbtn-inner"
        data-testid="dropbtn-inner"
        id="ground-btn"
        onClick={[Function]}
      >
        Ground
      </button>
      <button
        className="dropbtn-inner"
        data-testid="dropbtn-inner"
        id="flying-btn"
        onClick={[Function]}
      >
        Flying
      </button>
      <button
        className="dropbtn-inner"
        data-testid="dropbtn-inner"
        id="psychic-btn"
        onClick={[Function]}
      >
        Psychic
      </button>
      <button
        className="dropbtn-inner"
        data-testid="dropbtn-inner"
        id="bug-btn"
        onClick={[Function]}
      >
        Bug
      </button>
      <button
        className="dropbtn-inner"
        data-testid="dropbtn-inner"
        id="rock-btn"
        onClick={[Function]}
      >
        Rock
      </button>
      <button
        className="dropbtn-inner"
        data-testid="dropbtn-inner"
        id="ghost-btn"
        onClick={[Function]}
      >
        Ghost
      </button>
      <button
        className="dropbtn-inner"
        data-testid="dropbtn-inner"
        id="dragon-btn"
        onClick={[Function]}
      >
        Dragon
      </button>
    </div>
    <div>
      <h5
        className="dropdown-display-title"
      >
        Pick a weight:
      </h5>
      <button
        className="dropbtn-inner"
        data-testid="dropbtn-inner"
        id="small-btn"
        onClick={[Function]}
      >
        Small
      </button>
      <button
        className="dropbtn-inner"
        data-testid="dropbtn-inner"
        id="big-btn"
        onClick={[Function]}
      >
        Big
      </button>
    </div>
    <div>
      <h5
        className="dropdown-display-title"
      >
        Pick a height:
      </h5>
      <button
        className="dropbtn-inner"
        data-testid="dropbtn-inner"
        id="short-btn"
        onClick={[Function]}
      >
        Short
      </button>
      <button
        className="dropbtn-inner"
        data-testid="dropbtn-inner"
        id="tall-btn"
        onClick={[Function]}
      >
        Tall
      </button>
    </div>
  </menu>
</section>
`;
